// Jest Snapshot v1, https://goo.gl/fbAQLP

exports[`MapFeatures renders the modal markup correctly 1`] = `
<section
  class="w-full md:w-auto absolute md:top-[40px] md:left-[60px] z-[2] flex gap-4 px-6 py-8 md:px-0 md:py-0 bg-transparent"
>
  <div
    class="px-4 bg-white flex items-center shadow-md rounded-md min-h-[50px]"
  >
    <i
      class="fas fa-location-arrow text-slate-700 text-[1.5rem]"
    />
  </div>
</section>
`;
